// Jest Snapshot v1, https://goo.gl/fbAQLP

exports[`renders correctly 1`] = `
<div
  className="bigPadding"
>
  <h2>
    Graph of how much coffee is being purchased each month
  </h2>
  <div
    className="rv-xy-plot "
    style={
      Object {
        "height": "300px",
        "width": "900px",
      }
    }
  >
    <svg
      className="rv-xy-plot__inner"
      height={300}
      onClick={[Function]}
      onDoubleClick={[Function]}
      onMouseDown={[Function]}
      onMouseEnter={[Function]}
      onMouseLeave={[Function]}
      onMouseMove={[Function]}
      onMouseUp={[Function]}
      onTouchCancel={[Function]}
      onTouchEnd={[Function]}
      onTouchMove={[Function]}
      onTouchStart={[Function]}
      onWheel={[Function]}
      width={900}
    >
      <g
        className="rv-xy-plot__grid-lines undefined"
        transform="translate(40,10)"
      >
        <line
          className="rv-xy-plot__grid-lines__line"
          x1={0}
          x2={850}
          y1={250}
          y2={250}
        />
        <line
          className="rv-xy-plot__grid-lines__line"
          x1={0}
          x2={850}
          y1={187.5}
          y2={187.5}
        />
        <line
          className="rv-xy-plot__grid-lines__line"
          x1={0}
          x2={850}
          y1={125}
          y2={125}
        />
        <line
          className="rv-xy-plot__grid-lines__line"
          x1={0}
          x2={850}
          y1={62.5}
          y2={62.5}
        />
        <line
          className="rv-xy-plot__grid-lines__line"
          x1={0}
          x2={850}
          y1={0}
          y2={0}
        />
      </g>
      <g
        className="rv-xy-plot__series rv-xy-plot__series--mark undefined"
        transform="translate(40,10)"
      >
        <circle
          cx={0}
          cy={250}
          onClick={[Function]}
          onContextMenu={[Function]}
          onMouseOut={[Function]}
          onMouseOver={[Function]}
          r={5}
          style={
            Object {
              "fill": "#12939A",
              "opacity": 1,
              "stroke": "#12939A",
              "strokeWidth": 1,
            }
          }
        />
        <circle
          cx={55.921052631578945}
          cy={125}
          onClick={[Function]}
          onContextMenu={[Function]}
          onMouseOut={[Function]}
          onMouseOver={[Function]}
          r={5}
          style={
            Object {
              "fill": "#12939A",
              "opacity": 1,
              "stroke": "#12939A",
              "strokeWidth": 1,
            }
          }
        />
        <circle
          cx={113.70614035087719}
          cy={0}
          onClick={[Function]}
          onContextMenu={[Function]}
          onMouseOut={[Function]}
          onMouseOver={[Function]}
          r={5}
          style={
            Object {
              "fill": "#12939A",
              "opacity": 1,
              "stroke": "#12939A",
              "strokeWidth": 1,
            }
          }
        />
        <circle
          cx={169.62719298245614}
          cy={0}
          onClick={[Function]}
          onContextMenu={[Function]}
          onMouseOut={[Function]}
          onMouseOver={[Function]}
          r={5}
          style={
            Object {
              "fill": "#12939A",
              "opacity": 1,
              "stroke": "#12939A",
              "strokeWidth": 1,
            }
          }
        />
        <circle
          cx={227.41228070175438}
          cy={250}
          onClick={[Function]}
          onContextMenu={[Function]}
          onMouseOut={[Function]}
          onMouseOver={[Function]}
          r={5}
          style={
            Object {
              "fill": "#12939A",
              "opacity": 1,
              "stroke": "#12939A",
              "strokeWidth": 1,
            }
          }
        />
        <circle
          cx={285.1973684210526}
          cy={250}
          onClick={[Function]}
          onContextMenu={[Function]}
          onMouseOut={[Function]}
          onMouseOver={[Function]}
          r={5}
          style={
            Object {
              "fill": "#12939A",
              "opacity": 1,
              "stroke": "#12939A",
              "strokeWidth": 1,
            }
          }
        />
        <circle
          cx={341.1184210526316}
          cy={250}
          onClick={[Function]}
          onContextMenu={[Function]}
          onMouseOut={[Function]}
          onMouseOver={[Function]}
          r={5}
          style={
            Object {
              "fill": "#12939A",
              "opacity": 1,
              "stroke": "#12939A",
              "strokeWidth": 1,
            }
          }
        />
        <circle
          cx={398.9811769005848}
          cy={250}
          onClick={[Function]}
          onContextMenu={[Function]}
          onMouseOut={[Function]}
          onMouseOver={[Function]}
          r={5}
          style={
            Object {
              "fill": "#12939A",
              "opacity": 1,
              "stroke": "#12939A",
              "strokeWidth": 1,
            }
          }
        />
        <circle
          cx={454.90222953216374}
          cy={250}
          onClick={[Function]}
          onContextMenu={[Function]}
          onMouseOut={[Function]}
          onMouseOver={[Function]}
          r={5}
          style={
            Object {
              "fill": "#12939A",
              "opacity": 1,
              "stroke": "#12939A",
              "strokeWidth": 1,
            }
          }
        />
        <circle
          cx={512.687317251462}
          cy={250}
          onClick={[Function]}
          onContextMenu={[Function]}
          onMouseOut={[Function]}
          onMouseOver={[Function]}
          r={5}
          style={
            Object {
              "fill": "#12939A",
              "opacity": 1,
              "stroke": "#12939A",
              "strokeWidth": 1,
            }
          }
        />
        <circle
          cx={570.4724049707602}
          cy={250}
          onClick={[Function]}
          onContextMenu={[Function]}
          onMouseOut={[Function]}
          onMouseOver={[Function]}
          r={5}
          style={
            Object {
              "fill": "#12939A",
              "opacity": 1,
              "stroke": "#12939A",
              "strokeWidth": 1,
            }
          }
        />
        <circle
          cx={622.6653874269006}
          cy={250}
          onClick={[Function]}
          onContextMenu={[Function]}
          onMouseOut={[Function]}
          onMouseOver={[Function]}
          r={5}
          style={
            Object {
              "fill": "#12939A",
              "opacity": 1,
              "stroke": "#12939A",
              "strokeWidth": 1,
            }
          }
        />
        <circle
          cx={680.3728070175439}
          cy={250}
          onClick={[Function]}
          onContextMenu={[Function]}
          onMouseOut={[Function]}
          onMouseOver={[Function]}
          r={5}
          style={
            Object {
              "fill": "#12939A",
              "opacity": 1,
              "stroke": "#12939A",
              "strokeWidth": 1,
            }
          }
        />
        <circle
          cx={736.2938596491227}
          cy={250}
          onClick={[Function]}
          onContextMenu={[Function]}
          onMouseOut={[Function]}
          onMouseOver={[Function]}
          r={5}
          style={
            Object {
              "fill": "#12939A",
              "opacity": 1,
              "stroke": "#12939A",
              "strokeWidth": 1,
            }
          }
        />
        <circle
          cx={794.078947368421}
          cy={250}
          onClick={[Function]}
          onContextMenu={[Function]}
          onMouseOut={[Function]}
          onMouseOver={[Function]}
          r={5}
          style={
            Object {
              "fill": "#12939A",
              "opacity": 1,
              "stroke": "#12939A",
              "strokeWidth": 1,
            }
          }
        />
        <circle
          cx={850}
          cy={125}
          onClick={[Function]}
          onContextMenu={[Function]}
          onMouseOut={[Function]}
          onMouseOver={[Function]}
          r={5}
          style={
            Object {
              "fill": "#12939A",
              "opacity": 1,
              "stroke": "#12939A",
              "strokeWidth": 1,
            }
          }
        />
      </g>
      <path
        className="rv-xy-plot__series rv-xy-plot__series--line "
        d="M0,250L55.921052631578945,125L113.70614035087719,0L169.62719298245614,0L227.41228070175438,250L285.1973684210526,250L341.1184210526316,250L398.9811769005848,250L454.90222953216374,250L512.687317251462,250L570.4724049707602,250L622.6653874269006,250L680.3728070175439,250L736.2938596491227,250L794.078947368421,250L850,125"
        onClick={[Function]}
        onContextMenu={[Function]}
        onMouseOut={[Function]}
        onMouseOver={[Function]}
        style={
          Object {
            "opacity": 1,
            "stroke": "#79C7E3",
            "strokeDasharray": undefined,
            "strokeWidth": undefined,
          }
        }
        transform="translate(40,10)"
      />
      <g
        className="rv-xy-plot__axis rv-xy-plot__axis--horizontal "
        style={Object {}}
        transform="translate(40,260)"
      >
        <line
          className="rv-xy-plot__axis__line"
          style={Object {}}
          x1={0}
          x2={850}
          y1={0}
          y2={0}
        />
        <g
          className="rv-xy-plot__axis__ticks"
          transform="translate(0, 0)"
        >
          <g
            className="rv-xy-plot__axis__tick"
            style={Object {}}
            transform="translate(169.00365766883937, 0)"
          >
            <line
              className="rv-xy-plot__axis__tick__line"
              style={Object {}}
              x1={0}
              x2={0}
              y1={-6}
              y2={6}
            />
            <text
              className="rv-xy-plot__axis__tick__text"
              dy="0"
              style={Object {}}
              textAnchor="end"
              transform="translate(0, 14) rotate(-30)"
            >
              July
            </text>
          </g>
          <g
            className="rv-xy-plot__axis__tick"
            style={Object {}}
            transform="translate(340.49488573901476, 0)"
          >
            <line
              className="rv-xy-plot__axis__tick__line"
              style={Object {}}
              x1={0}
              x2={0}
              y1={-6}
              y2={6}
            />
            <text
              className="rv-xy-plot__axis__tick__text"
              dy="0"
              style={Object {}}
              textAnchor="end"
              transform="translate(0, 14) rotate(-30)"
            >
              October
            </text>
          </g>
          <g
            className="rv-xy-plot__axis__tick"
            style={Object {}}
            transform="translate(512.0637819378452, 0)"
          >
            <line
              className="rv-xy-plot__axis__tick__line"
              style={Object {}}
              x1={0}
              x2={0}
              y1={-6}
              y2={6}
            />
            <text
              className="rv-xy-plot__axis__tick__text"
              dy="0"
              style={Object {}}
              textAnchor="end"
              transform="translate(0, 14) rotate(-30)"
            >
              2019
            </text>
          </g>
          <g
            className="rv-xy-plot__axis__tick"
            style={Object {}}
            transform="translate(679.7492717039271, 0)"
          >
            <line
              className="rv-xy-plot__axis__tick__line"
              style={Object {}}
              x1={0}
              x2={0}
              y1={-6}
              y2={6}
            />
            <text
              className="rv-xy-plot__axis__tick__text"
              dy="0"
              style={Object {}}
              textAnchor="end"
              transform="translate(0, 14) rotate(-30)"
            >
              April
            </text>
          </g>
          <g
            className="rv-xy-plot__axis__tick"
            style={Object {}}
            transform="translate(849.3764646863832, 0)"
          >
            <line
              className="rv-xy-plot__axis__tick__line"
              style={Object {}}
              x1={0}
              x2={0}
              y1={-6}
              y2={6}
            />
            <text
              className="rv-xy-plot__axis__tick__text"
              dy="0"
              style={Object {}}
              textAnchor="end"
              transform="translate(0, 14) rotate(-30)"
            >
              July
            </text>
          </g>
        </g>
        <g
          className="rv-xy-plot__axis__title"
          transform="translate(0, 0)"
        >
          <g
            style={
              Object {
                "textAnchor": "end",
              }
            }
            transform="translate(844, -6) rotate(0)"
          >
            <text
              style={Object {}}
            >
              Month opened
            </text>
          </g>
        </g>
      </g>
      <g
        className="rv-xy-plot__axis rv-xy-plot__axis--vertical "
        style={Object {}}
        transform="translate(0,10)"
      >
        <line
          className="rv-xy-plot__axis__line"
          style={Object {}}
          x1={40}
          x2={40}
          y1={0}
          y2={250}
        />
        <g
          className="rv-xy-plot__axis__ticks"
          transform="translate(40, 0)"
        >
          <g
            className="rv-xy-plot__axis__tick"
            style={Object {}}
            transform="translate(0, 250)"
          >
            <line
              className="rv-xy-plot__axis__tick__line"
              style={Object {}}
              x1={6}
              x2={-6}
              y1={0}
              y2={0}
            />
            <text
              className="rv-xy-plot__axis__tick__text"
              dy="0.32em"
              style={Object {}}
              textAnchor="end"
              transform="translate(-14, 0)"
            >
              0.0
            </text>
          </g>
          <g
            className="rv-xy-plot__axis__tick"
            style={Object {}}
            transform="translate(0, 187.5)"
          >
            <line
              className="rv-xy-plot__axis__tick__line"
              style={Object {}}
              x1={6}
              x2={-6}
              y1={0}
              y2={0}
            />
            <text
              className="rv-xy-plot__axis__tick__text"
              dy="0.32em"
              style={Object {}}
              textAnchor="end"
              transform="translate(-14, 0)"
            >
              0.5
            </text>
          </g>
          <g
            className="rv-xy-plot__axis__tick"
            style={Object {}}
            transform="translate(0, 125)"
          >
            <line
              className="rv-xy-plot__axis__tick__line"
              style={Object {}}
              x1={6}
              x2={-6}
              y1={0}
              y2={0}
            />
            <text
              className="rv-xy-plot__axis__tick__text"
              dy="0.32em"
              style={Object {}}
              textAnchor="end"
              transform="translate(-14, 0)"
            >
              1.0
            </text>
          </g>
          <g
            className="rv-xy-plot__axis__tick"
            style={Object {}}
            transform="translate(0, 62.5)"
          >
            <line
              className="rv-xy-plot__axis__tick__line"
              style={Object {}}
              x1={6}
              x2={-6}
              y1={0}
              y2={0}
            />
            <text
              className="rv-xy-plot__axis__tick__text"
              dy="0.32em"
              style={Object {}}
              textAnchor="end"
              transform="translate(-14, 0)"
            >
              1.5
            </text>
          </g>
          <g
            className="rv-xy-plot__axis__tick"
            style={Object {}}
            transform="translate(0, 0)"
          >
            <line
              className="rv-xy-plot__axis__tick__line"
              style={Object {}}
              x1={6}
              x2={-6}
              y1={0}
              y2={0}
            />
            <text
              className="rv-xy-plot__axis__tick__text"
              dy="0.32em"
              style={Object {}}
              textAnchor="end"
              transform="translate(-14, 0)"
            >
              2.0
            </text>
          </g>
        </g>
        <g
          className="rv-xy-plot__axis__title"
          transform="translate(40, 0)"
        >
          <g
            style={
              Object {
                "textAnchor": "end",
              }
            }
            transform="translate(16, 6) rotate(-90)"
          >
            <text
              style={Object {}}
            >
              Number of packs opened
            </text>
          </g>
        </g>
      </g>
    </svg>
  </div>
  <h3>
    Data from the graph
  </h3>
  <ul>
    <div>
      <p>
        <strong>
          <time
            dateTime={"2020-03-31T23:00:00.000Z"}
          >
            April
          </time>
          /
          <time
            dateTime={"2018-01-01T00:00:00.000Z"}
          >
            2018
          </time>
        </strong>
         : 
        0
      </p>
    </div>
    <div>
      <p>
        <strong>
          <time
            dateTime={"2020-04-30T23:00:00.000Z"}
          >
            May
          </time>
          /
          <time
            dateTime={"2018-01-01T00:00:00.000Z"}
          >
            2018
          </time>
        </strong>
         : 
        1
      </p>
    </div>
    <div>
      <p>
        <strong>
          <time
            dateTime={"2020-05-31T23:00:00.000Z"}
          >
            June
          </time>
          /
          <time
            dateTime={"2018-01-01T00:00:00.000Z"}
          >
            2018
          </time>
        </strong>
         : 
        2
      </p>
    </div>
    <div>
      <p>
        <strong>
          <time
            dateTime={"2020-06-30T23:00:00.000Z"}
          >
            July
          </time>
          /
          <time
            dateTime={"2018-01-01T00:00:00.000Z"}
          >
            2018
          </time>
        </strong>
         : 
        2
      </p>
    </div>
    <div>
      <p>
        <strong>
          <time
            dateTime={"2020-07-31T23:00:00.000Z"}
          >
            August
          </time>
          /
          <time
            dateTime={"2018-01-01T00:00:00.000Z"}
          >
            2018
          </time>
        </strong>
         : 
        0
      </p>
    </div>
    <div>
      <p>
        <strong>
          <time
            dateTime={"2020-08-31T23:00:00.000Z"}
          >
            September
          </time>
          /
          <time
            dateTime={"2018-01-01T00:00:00.000Z"}
          >
            2018
          </time>
        </strong>
         : 
        0
      </p>
    </div>
    <div>
      <p>
        <strong>
          <time
            dateTime={"2020-09-30T23:00:00.000Z"}
          >
            October
          </time>
          /
          <time
            dateTime={"2018-01-01T00:00:00.000Z"}
          >
            2018
          </time>
        </strong>
         : 
        0
      </p>
    </div>
    <div>
      <p>
        <strong>
          <time
            dateTime={"2020-11-01T00:00:00.000Z"}
          >
            November
          </time>
          /
          <time
            dateTime={"2018-01-01T00:00:00.000Z"}
          >
            2018
          </time>
        </strong>
         : 
        0
      </p>
    </div>
    <div>
      <p>
        <strong>
          <time
            dateTime={"2020-12-01T00:00:00.000Z"}
          >
            December
          </time>
          /
          <time
            dateTime={"2018-01-01T00:00:00.000Z"}
          >
            2018
          </time>
        </strong>
         : 
        0
      </p>
    </div>
    <div>
      <p>
        <strong>
          <time
            dateTime={"2020-01-01T00:00:00.000Z"}
          >
            January
          </time>
          /
          <time
            dateTime={"2019-01-01T00:00:00.000Z"}
          >
            2019
          </time>
        </strong>
         : 
        0
      </p>
    </div>
    <div>
      <p>
        <strong>
          <time
            dateTime={"2020-02-01T00:00:00.000Z"}
          >
            February
          </time>
          /
          <time
            dateTime={"2019-01-01T00:00:00.000Z"}
          >
            2019
          </time>
        </strong>
         : 
        0
      </p>
    </div>
    <div>
      <p>
        <strong>
          <time
            dateTime={"2020-03-01T00:00:00.000Z"}
          >
            March
          </time>
          /
          <time
            dateTime={"2019-01-01T00:00:00.000Z"}
          >
            2019
          </time>
        </strong>
         : 
        0
      </p>
    </div>
    <div>
      <p>
        <strong>
          <time
            dateTime={"2020-03-31T23:00:00.000Z"}
          >
            April
          </time>
          /
          <time
            dateTime={"2019-01-01T00:00:00.000Z"}
          >
            2019
          </time>
        </strong>
         : 
        0
      </p>
    </div>
    <div>
      <p>
        <strong>
          <time
            dateTime={"2020-04-30T23:00:00.000Z"}
          >
            May
          </time>
          /
          <time
            dateTime={"2019-01-01T00:00:00.000Z"}
          >
            2019
          </time>
        </strong>
         : 
        0
      </p>
    </div>
    <div>
      <p>
        <strong>
          <time
            dateTime={"2020-05-31T23:00:00.000Z"}
          >
            June
          </time>
          /
          <time
            dateTime={"2019-01-01T00:00:00.000Z"}
          >
            2019
          </time>
        </strong>
         : 
        0
      </p>
    </div>
    <div>
      <p>
        <strong>
          <time
            dateTime={"2020-06-30T23:00:00.000Z"}
          >
            July
          </time>
          /
          <time
            dateTime={"2019-01-01T00:00:00.000Z"}
          >
            2019
          </time>
        </strong>
         : 
        1
      </p>
    </div>
  </ul>
</div>
`;
