// Jest Snapshot v1, https://goo.gl/fbAQLP

exports[`renders correctly 1`] = `
<div
  className="bigPadding"
>
  <div
    className="smallPadding"
  >
    <table
      className="table"
    >
      <thead>
        <tr>
          <th>
            ID
          </th>
          <th>
            Name
          </th>
          <th>
            Date Purchased
          </th>
          <th>
            Date Opened
          </th>
          <th>
            Coffee
          </th>
          <th>
            Note
          </th>
        </tr>
      </thead>
      <tbody>
        <tr>
          <td>
            1
          </td>
          <td>
            Alice
          </td>
          <td>
            <time
              dateTime={"2018-05-13T07:01:41.522Z"}
            >
              13/05/2018
            </time>
          </td>
          <td>
            <time
              dateTime={"2018-05-13T07:01:41.522Z"}
            >
              13/05/2018
            </time>
          </td>
          <td>
            Tesco
          </td>
          <td>
            Hello
          </td>
        </tr>
        <tr>
          <td>
            2
          </td>
          <td>
            Alice
          </td>
          <td>
            <time
              dateTime={"2018-07-13T07:01:41.522Z"}
            >
              13/07/2018
            </time>
          </td>
          <td>
            <time
              dateTime={"2018-07-13T07:01:41.522Z"}
            >
              13/07/2018
            </time>
          </td>
          <td>
            Aldi
          </td>
          <td>
            Hello
          </td>
        </tr>
        <tr>
          <td>
            3
          </td>
          <td>
            Betty
          </td>
          <td>
            <time
              dateTime={"2018-07-13T07:01:41.522Z"}
            >
              13/07/2018
            </time>
          </td>
          <td>
            <time
              dateTime={"2018-07-13T07:01:41.522Z"}
            >
              13/07/2018
            </time>
          </td>
          <td>
            Tesco
          </td>
          <td>
            Hello
          </td>
        </tr>
        <tr>
          <td>
            4
          </td>
          <td>
            Cait
          </td>
          <td>
            <time
              dateTime={"2018-06-13T07:01:41.522Z"}
            >
              13/06/2018
            </time>
          </td>
          <td>
            <time
              dateTime={"2018-06-13T07:01:41.522Z"}
            >
              13/06/2018
            </time>
          </td>
          <td>
            Tesco
          </td>
          <td>
            Hello
          </td>
        </tr>
        <tr>
          <td>
            5
          </td>
          <td>
            Cait
          </td>
          <td>
            <time
              dateTime={"2018-06-13T07:01:41.522Z"}
            >
              13/06/2018
            </time>
          </td>
          <td>
            <time
              dateTime={"2018-06-13T07:01:41.522Z"}
            >
              13/06/2018
            </time>
          </td>
          <td>
            Tesco
          </td>
          <td>
            Hello
          </td>
        </tr>
        <tr>
          <td>
            6
          </td>
          <td>
            Alice
          </td>
          <td>
            <time
              dateTime={"2019-07-13T07:01:41.522Z"}
            >
              13/07/2019
            </time>
          </td>
          <td>
            <time
              dateTime={"2019-07-13T07:01:41.522Z"}
            >
              13/07/2019
            </time>
          </td>
          <td>
            Aldi
          </td>
          <td>
            Hello
          </td>
        </tr>
      </tbody>
    </table>
  </div>
</div>
`;
